testMicrosoft Windows [Version 10.0.22631.3737]
(c) Microsoft Corporation. All rights reserved.

C:\Users\youse>git
usage: git [-v | --version] [-h | --help] [-C <path>] [-c <name>=<value>]
           [--exec-path[=<path>]] [--html-path] [--man-path] [--info-path]
           [-p | --paginate | -P | --no-pager] [--no-replace-objects] [--bare]
           [--git-dir=<path>] [--work-tree=<path>] [--namespace=<name>]
           [--config-env=<name>=<envvar>] <command> [<args>]

These are common Git commands used in various situations:

start a working area (see also: git help tutorial)
   clone     Clone a repository into a new directory
   init      Create an empty Git repository or reinitialize an existing one

work on the current change (see also: git help everyday)
   add       Add file contents to the index
   mv        Move or rename a file, a directory, or a symlink
   restore   Restore working tree files
   rm        Remove files from the working tree and from the index

examine the history and state (see also: git help revisions)
   bisect    Use binary search to find the commit that introduced a bug
   diff      Show changes between commits, commit and working tree, etc
   grep      Print lines matching a pattern
   log       Show commit logs
   show      Show various types of objects
   status    Show the working tree status

grow, mark and tweak your common history
   branch    List, create, or delete branches
   commit    Record changes to the repository
   merge     Join two or more development histories together
   rebase    Reapply commits on top of another base tip
   reset     Reset current HEAD to the specified state
   switch    Switch branches
   tag       Create, list, delete or verify a tag object signed with GPG

collaborate (see also: git help workflows)
   fetch     Download objects and refs from another repository
   pull      Fetch from and integrate with another repository or a local branch
   push      Update remote refs along with associated objects

'git help -a' and 'git help -g' list available subcommands and some
concept guides. See 'git help <command>' or 'git help <concept>'
to read about a specific subcommand or concept.
See 'git help git' for an overview of the system.

C:\Users\youse>dir
 Volume in drive C has no label.
 Volume Serial Number is 62B0-160E

 Directory of C:\Users\youse

2024-06-18  10:48 PM    <DIR>          .
2024-02-19  11:02 PM    <DIR>          ..
2023-09-16  08:14 PM    <DIR>          .cache
2024-01-13  09:47 PM    <DIR>          .dotnet
2023-09-16  08:14 PM    <DIR>          .eclipse
2023-09-28  08:56 PM    <DIR>          .Origin
2023-12-01  01:34 PM    <DIR>          .p2
2023-09-28  08:56 PM    <DIR>          .QtWebEngineProcess
2023-08-29  09:57 PM    <DIR>          .zenmap
2023-05-26  11:15 PM    <DIR>          ansel
2023-05-29  10:02 PM            83,158 battery-report.html
2023-05-26  06:49 PM    <DIR>          Contacts
2024-07-03  09:50 AM    <DIR>          Desktop
2024-01-30  09:47 PM    <DIR>          Documents
2024-07-03  07:43 PM    <DIR>          Downloads
2023-09-16  08:12 PM    <DIR>          eclipse
2023-09-16  08:15 PM    <DIR>          eclipse-workspace
2023-05-26  06:49 PM    <DIR>          Favorites
2024-01-05  08:40 PM    <DIR>          Games
2023-05-26  06:49 PM    <DIR>          Links
2023-05-26  06:49 PM    <DIR>          Music
2023-05-26  06:51 PM    <DIR>          OneDrive
2023-09-22  07:41 PM    <DIR>          Pictures
2023-10-07  10:57 AM    <DIR>          Saved Games
2023-05-26  07:06 PM    <DIR>          Searches
2024-06-04  10:00 AM    <DIR>          Videos
               1 File(s)         83,158 bytes
              25 Dir(s)  127,248,162,816 bytes free

C:\Users\youse>cd projects

C:\Users\youse\projects>dir
 Volume in drive C has no label.
 Volume Serial Number is 62B0-160E

 Directory of C:\Users\youse\projects

2024-07-03  07:46 PM    <DIR>          .
2024-07-03  07:46 PM    <DIR>          ..
               0 File(s)              0 bytes
               2 Dir(s)  127,244,886,016 bytes free

C:\Users\youse\projects>git clone https://github.com/kamhaaa/solar-tracker.git
Cloning into 'solar-tracker'...
warning: You appear to have cloned an empty repository.

C:\Users\youse\projects>git status
fatal: not a git repository (or any of the parent directories): .git

C:\Users\youse\projects>cd
C:\Users\youse\projects

C:\Users\youse\projects>cd solar-tracker

C:\Users\youse\projects\solar-tracker>git status
On branch main

No commits yet

Untracked files:
  (use "git add <file>..." to include in what will be committed)
        test.txt

nothing added to commit but untracked files present (use "git add" to track)

C:\Users\youse\projects\solar-tracker>git add test.txt

C:\Users\youse\projects\solar-tracker>git status
On branch main

No commits yet

Changes to be committed:
  (use "git rm --cached <file>..." to unstage)
        new file:   test.txt


C:\Users\youse\projects\solar-tracker>git commit -m
error: switch `m' requires a value

C:\Users\youse\projects\solar-tracker>git commit -m "testfile"
Author identity unknown

*** Please tell me who you are.

Run

  git config --global user.email "you@example.com"
  git config --global user.name "Your Name"

to set your account's default identity.
Omit --global to set the identity only in this repository.

fatal: unable to auto-detect email address (got 'YousefKamel@YousefKLaptop.(none)')

C:\Users\youse\projects\solar-tracker>git commit -m"testfile"
Author identity unknown

*** Please tell me who you are.

Run

  git config --global user.email "you@example.com"
  git config --global user.name "Your Name"

to set your account's default identity.
Omit --global to set the identity only in this repository.

fatal: unable to auto-detect email address (got 'YousefKamel@YousefKLaptop.(none)')

C:\Users\youse\projects\solar-tracker>git config --global user.email "yousefkkamel@gmail.com"

C:\Users\youse\projects\solar-tracker>git config --global user.name "kamhaaa"

C:\Users\youse\projects\solar-tracker>git commit -m "testfile"
[main (root-commit) 0694cd3] testfile
 1 file changed, 1 insertion(+)
 create mode 100644 test.txt

C:\Users\youse\projects\solar-tracker>git push
info: please complete authentication in your browser...
Enumerating objects: 3, done.
Counting objects: 100% (3/3), done.
Writing objects: 100% (3/3), 212 bytes | 212.00 KiB/s, done.
Total 3 (delta 0), reused 0 (delta 0), pack-reused 0 (from 0)
To https://github.com/kamhaaa/solar-tracker.git
 * [new branch]      main -> main

C:\Users\youse\projects\solar-tracker>